[samfaipath] build FASTA index...
[M::mm_idx_gen::0.001*2.37] collected minimizers
[M::mm_idx_gen::0.001*2.58] sorted minimizers
[M::main::0.001*2.52] loaded/built the index for 1 target sequence(s)
[M::mm_mapopt_update::0.001*2.49] mid_occ = 10
[M::mm_idx_stat] kmer size: 15; skip: 10; is_hpc: 0; #seq: 1
[M::mm_idx_stat::0.001*2.45] distinct minimizers: 47 (100.00% are singletons); average occurrences: 1.000; average spacing: 5.851; total length: 275
[M::worker_pipeline::0.018*3.31] mapped 1447 sequences
[M::main] Version: 2.24-r1155-dirty
[M::main] CMD: flye-minimap2 -x map-ont -t 4 -a -p 0.5 -N 10 --sam-hit-only -L -K 1G -z 1000 -Q --secondary-seq -I 64G data/test1/test1_output/intermediate/4_consensus_test1_reads.fasta /Users/rishubhanda/Desktop/plasmidsaurus/bioinformatics-coding-challenge-mafft/tests/data/test1/test1_output/intermediate/2_downsampled_test1_reads.fasta
[M::main] Real time: 0.018 sec; CPU: 0.060 sec; Peak RSS: 0.004 GB
[bam_sort_core] merging from 0 files and 4 in-memory blocks...
